[store.vantacheats.to/pages/status.html]
[cdn.shopify.com/s/files/1/0699/2153/8295/files/VantaLogo.png]
[store.vantacheats.to/cdn/shop/files/VantaLogo_44be7e2d-a412-4ca1-8bb9-3ede213286c5_32x324dfe.png]
[backblue.gif]
[fade.gif]
[index.html]
[store.vantacheats.to/cdn/shop/files/Fortnite_b0260e34-dd3e-4985-9a07-0588f36692a69a0f.png]
[store.vantacheats.to/checkouts/internal/preloads6116.js]
[store.vantacheats.to/cdn/shopifycloud/shopify/assets/storefront/load_feature-9f951eb7d8d53973c719de211f807d63af81c644e5b9a6ae72661ac408d472f6.js]
[store.vantacheats.to/cdn/shopifycloud/shopify/assets/storefront/features-1c0b396bd4d054b94abae1eb6a1bd6ba47beb35525c57a217c77a862ff06d83f.js]
[store.vantacheats.to/pages/Liquid error (layout/theme line 51)_ font_url can only be used with a font drop]
[store.vantacheats.to/cdn/shop/t/17/assets/blazee613.js]
[store.vantacheats.to/cdn/shop/t/17/assets/plyr0d06.js]
[store.vantacheats.to/cdn/shop/t/17/assets/core356f.css]
[store.vantacheats.to/pages/POST.13.delayed]
[store.vantacheats.to/cdn/s/trekkie.storefront.6feac1db1e2c7d84269967dcaefdee0618af51f6.min.js]
[store.vantacheats.to/cdn/shopifycloud/shopify/assets/shop_events_listener-61fa9e0a912c675e178777d2b27f6cbd482f8912a6b0aa31fa3515985a8cd626.js]
[store.vantacheats.to/cdn/shopifycloud/boomerang/shopify-boomerang-1.0.0.min.js]
[store.vantacheats.to/cdn/shop/t/17/assets/spinner1ac9.css]
[store.vantacheats.to/cdn/shop/t/17/assets/announcement-bar62f3.css]
[store.vantacheats.to/cdn/shop/t/17/assets/utility-bar839f.css]
[store.vantacheats.to/cdn/shop/t/17/assets/main-nav-mobile-toolbarba69.js]
[store.vantacheats.to/cdn/shop/t/17/assets/header9efd.css]
[store.vantacheats.to/cdn/shop/files/vanta_logo_smallb25e.png]
[store.vantacheats.to/cdn/shop/t/17/assets/predictive-search5830.css]
[store.vantacheats.to/cdn/shop/t/17/assets/predictive-searche9a5.js]
[store.vantacheats.to/cdn/shop/t/17/assets/main-nav-mobile5dfb.css]
[store.vantacheats.to/cdn/shop/t/17/assets/main-nav-mobile97f8.js]
[store.vantacheats.to/cdn/shop/t/17/assets/navigation-bar3e95.css]
[store.vantacheats.to/cdn/shop/t/17/assets/main-nav4c92.css]
[store.vantacheats.to/cdn/shop/t/17/assets/main-nav-mobile-loadere225.js]
[cdn.shopify.com/s/files/1/0699/2153/8295/files/Fortnite_629113d7-4900-4567-83f1-4d90648f7a01.png]
[cdn.shopify.com/s/files/1/0699/2153/8295/files/spoofer_da7ee42c-c0ba-4213-8154-66a80d81f164dc2d.png]
[cdn.shopify.com/s/files/1/0699/2153/8295/files/rust2d26.png]
[store.vantacheats.to/cdn/shop/t/17/assets/footerf95a.css]
[store.vantacheats.to/cdn/shop/t/17/assets/scroll-to-top-buttonbeec.js]
[store.vantacheats.to/cdn/shop/t/17/assets/toast-notification9492.css]
[store.vantacheats.to/cdn/shop/t/17/assets/toast-notificationc133.js]
[store.vantacheats.to/cdn/shop/t/17/assets/cart-provider39f1.js]
[store.vantacheats.to/cdn/shop/t/17/assets/product-to-cartc04c.js]
[store.vantacheats.to/cdn/shop/t/17/assets/drop-downcfda.js]
[store.vantacheats.to/cdn/shop/t/17/assets/product-quick-viewf060.js]
[store.vantacheats.to/cdn/shop/t/17/assets/product-variant-listenerb2eb.js]
[store.vantacheats.to/cdn/shop/t/17/assets/product-variant-providerf264.js]
[store.vantacheats.to/cdn/shop/t/17/assets/product-formdc3f.js]
[store.vantacheats.to/cdn/shop/t/17/assets/slideshow-blaze1472.js]
[store.vantacheats.to/cdn/shop/t/17/assets/video-player825d.js]
[store.vantacheats.to/cdn/shop/t/17/assets/product-dynamic-checkout2308.js]
[store.vantacheats.to/cdn/shop/t/17/assets/modal8751.js]
[store.vantacheats.to/pages/status.html]
[shop.app/checkouts/internal/preloadseae2.js]
[store.vantacheats.to/pages/Liquid error (layout/theme line 51)_ font_url can only be used with a font drop.html]
[store.vantacheats.to/cdn/shop/t/17/assets/core356f.css]
[store.vantacheats.to/pages/POST.html]
[store.vantacheats.to/cdn/shop/t/17/assets/spinner1ac9.css]
[store.vantacheats.to/cdn/shop/t/17/assets/announcement-bar62f3.css]
[store.vantacheats.to/cdn/shop/t/17/assets/utility-bar839f.css]
[store.vantacheats.to/cdn/shop/t/17/assets/header9efd.css]
[store.vantacheats.to/cdn/shop/t/17/assets/predictive-search5830.css]
[store.vantacheats.to/cdn/shop/t/17/assets/main-nav-mobile5dfb.css]
[store.vantacheats.to/cdn/shop/t/17/assets/navigation-bar3e95.css]
[store.vantacheats.to/cdn/shop/t/17/assets/main-nav4c92.css]
[store.vantacheats.to/cdn/shop/t/17/assets/footerf95a.css]
[store.vantacheats.to/cdn/shop/t/17/assets/toast-notification9492.css]
[store.vantacheats.to/cdn/shop/t/17/assets/modale967.css]
[store.vantacheats.to/cdn/shop/t/17/assets/modale967.css]
